
<td><div>This is value 1</div></td>

<h1>This is column cell theme</h1>