
<table><thead><tr><th><span>[trans]Title[/trans]</span></th></tr></thead><tbody></tbody></table>

<h1>This is datagrid theme</h1>

<tr><th><span>[trans]Title[/trans]</span></th></tr>

<h1>This is datagrid header theme</h1>



<h1>This is datagrid rowset theme</h1>