
<th><span>[trans]Title[/trans]</span></th>

<h1>This is column header theme</h1>